# serializer version: 1
# name: TestStockInvestmentSplit.test_stock_investment_split
  list([
    10,
    10,
    10,
  ])
# ---
